Archive member included to satisfy reference by file (symbol)

d:/app_download/avr/bin/../lib/gcc/avr/5.4.0/../../../../avr/lib/avr51/memx-const\libm.a(cmpsf2.o)
                              build/default/production/ADC.o (__lesf2)
d:/app_download/avr/bin/../lib/gcc/avr/5.4.0/../../../../avr/lib/avr51/memx-const\libm.a(floatsisf.o)
                              build/default/production/ADC.o (__floatunsisf)
d:/app_download/avr/bin/../lib/gcc/avr/5.4.0/../../../../avr/lib/avr51/memx-const\libm.a(fp_cmp.o)
                              d:/app_download/avr/bin/../lib/gcc/avr/5.4.0/../../../../avr/lib/avr51/memx-const\libm.a(cmpsf2.o) (__fp_cmp)
d:/app_download/avr/bin/../lib/gcc/avr/5.4.0/../../../../avr/lib/avr51/memx-const\libm.a(gesf2.o)
                              build/default/production/ADC.o (__gesf2)
d:/app_download/avr/bin/../lib/gcc/avr/5.4.0/../../../../avr/lib/avr51/memx-const\libm.a(mulsf3.o)
                              build/default/production/ADC.o (__mulsf3)
d:/app_download/avr/bin/../lib/gcc/avr/5.4.0/../../../../avr/lib/avr51/memx-const\libm.a(mulsf3x.o)
                              d:/app_download/avr/bin/../lib/gcc/avr/5.4.0/../../../../avr/lib/avr51/memx-const\libm.a(mulsf3.o) (__mulsf3x)
d:/app_download/avr/bin/../lib/gcc/avr/5.4.0/../../../../avr/lib/avr51/memx-const\libm.a(fp_inf.o)
                              d:/app_download/avr/bin/../lib/gcc/avr/5.4.0/../../../../avr/lib/avr51/memx-const\libm.a(mulsf3x.o) (__fp_inf)
d:/app_download/avr/bin/../lib/gcc/avr/5.4.0/../../../../avr/lib/avr51/memx-const\libm.a(fp_nan.o)
                              d:/app_download/avr/bin/../lib/gcc/avr/5.4.0/../../../../avr/lib/avr51/memx-const\libm.a(mulsf3x.o) (__fp_nan)
d:/app_download/avr/bin/../lib/gcc/avr/5.4.0/../../../../avr/lib/avr51/memx-const\libm.a(fp_pscA.o)
                              d:/app_download/avr/bin/../lib/gcc/avr/5.4.0/../../../../avr/lib/avr51/memx-const\libm.a(mulsf3x.o) (__fp_pscA)
d:/app_download/avr/bin/../lib/gcc/avr/5.4.0/../../../../avr/lib/avr51/memx-const\libm.a(fp_pscB.o)
                              d:/app_download/avr/bin/../lib/gcc/avr/5.4.0/../../../../avr/lib/avr51/memx-const\libm.a(mulsf3x.o) (__fp_pscB)
d:/app_download/avr/bin/../lib/gcc/avr/5.4.0/../../../../avr/lib/avr51/memx-const\libm.a(fp_round.o)
                              d:/app_download/avr/bin/../lib/gcc/avr/5.4.0/../../../../avr/lib/avr51/memx-const\libm.a(mulsf3.o) (__fp_round)
d:/app_download/avr/bin/../lib/gcc/avr/5.4.0/../../../../avr/lib/avr51/memx-const\libm.a(fp_split3.o)
                              d:/app_download/avr/bin/../lib/gcc/avr/5.4.0/../../../../avr/lib/avr51/memx-const\libm.a(mulsf3x.o) (__fp_split3)
d:/app_download/avr/bin/../lib/gcc/avr/5.4.0/../../../../avr/lib/avr51/memx-const\libm.a(fp_zero.o)
                              d:/app_download/avr/bin/../lib/gcc/avr/5.4.0/../../../../avr/lib/avr51/memx-const\libm.a(mulsf3x.o) (__fp_szero)
d:/app_download/avr/bin/../lib/gcc/avr/5.4.0/../../../../avr/lib/avr51/memx-const\libc.a(exit.o)
                              C:/Program Files/Microchip/MPLABX/v6.05/packs/Microchip/ATmega_DFP/3.0.158/xc8/avr/lib/avr51/memx-const/crtatmega128.o (exit)
d:/app_download/avr/bin/../lib/gcc/avr/5.4.0/../../../../avr/lib/avr51/memx-const\libc.a(_Exit.o)
                              d:/app_download/avr/bin/../lib/gcc/avr/5.4.0/../../../../avr/lib/avr51/memx-const\libc.a(exit.o) (_Exit)
d:/app_download/avr/bin/../lib/gcc/avr/5.4.0/avr51/memx-const\libgcc.a(_exit.o)
                              d:/app_download/avr/bin/../lib/gcc/avr/5.4.0/../../../../avr/lib/avr51/memx-const\libc.a(_Exit.o) (_exit)

Discarded input sections

 .data          0x0000000000000000        0x0 C:/Program Files/Microchip/MPLABX/v6.05/packs/Microchip/ATmega_DFP/3.0.158/xc8/avr/lib/avr51/memx-const/crtatmega128.o
 .bss           0x0000000000000000        0x0 C:/Program Files/Microchip/MPLABX/v6.05/packs/Microchip/ATmega_DFP/3.0.158/xc8/avr/lib/avr51/memx-const/crtatmega128.o
 .text          0x0000000000000000        0x0 build/default/production/ADC.o
 .data          0x0000000000000000        0x0 build/default/production/ADC.o
 .bss           0x0000000000000000        0x0 build/default/production/ADC.o
 .data          0x0000000000000000        0x0 d:/app_download/avr/bin/../lib/gcc/avr/5.4.0/../../../../avr/lib/avr51/memx-const\libm.a(cmpsf2.o)
 .bss           0x0000000000000000        0x0 d:/app_download/avr/bin/../lib/gcc/avr/5.4.0/../../../../avr/lib/avr51/memx-const\libm.a(cmpsf2.o)
 .stack.descriptors
                0x0000000000000000       0x6a d:/app_download/avr/bin/../lib/gcc/avr/5.4.0/../../../../avr/lib/avr51/memx-const\libm.a(cmpsf2.o)
 .data          0x0000000000000000        0x0 d:/app_download/avr/bin/../lib/gcc/avr/5.4.0/../../../../avr/lib/avr51/memx-const\libm.a(floatsisf.o)
 .bss           0x0000000000000000        0x0 d:/app_download/avr/bin/../lib/gcc/avr/5.4.0/../../../../avr/lib/avr51/memx-const\libm.a(floatsisf.o)
 .stack.descriptors
                0x0000000000000000       0x34 d:/app_download/avr/bin/../lib/gcc/avr/5.4.0/../../../../avr/lib/avr51/memx-const\libm.a(floatsisf.o)
 .data          0x0000000000000000        0x0 d:/app_download/avr/bin/../lib/gcc/avr/5.4.0/../../../../avr/lib/avr51/memx-const\libm.a(fp_cmp.o)
 .bss           0x0000000000000000        0x0 d:/app_download/avr/bin/../lib/gcc/avr/5.4.0/../../../../avr/lib/avr51/memx-const\libm.a(fp_cmp.o)
 .stack.descriptors
                0x0000000000000000       0x16 d:/app_download/avr/bin/../lib/gcc/avr/5.4.0/../../../../avr/lib/avr51/memx-const\libm.a(fp_cmp.o)
 .data          0x0000000000000000        0x0 d:/app_download/avr/bin/../lib/gcc/avr/5.4.0/../../../../avr/lib/avr51/memx-const\libm.a(gesf2.o)
 .bss           0x0000000000000000        0x0 d:/app_download/avr/bin/../lib/gcc/avr/5.4.0/../../../../avr/lib/avr51/memx-const\libm.a(gesf2.o)
 .stack.descriptors
                0x0000000000000000       0x2a d:/app_download/avr/bin/../lib/gcc/avr/5.4.0/../../../../avr/lib/avr51/memx-const\libm.a(gesf2.o)
 .data          0x0000000000000000        0x0 d:/app_download/avr/bin/../lib/gcc/avr/5.4.0/../../../../avr/lib/avr51/memx-const\libm.a(mulsf3.o)
 .bss           0x0000000000000000        0x0 d:/app_download/avr/bin/../lib/gcc/avr/5.4.0/../../../../avr/lib/avr51/memx-const\libm.a(mulsf3.o)
 .stack.descriptors
                0x0000000000000000       0x16 d:/app_download/avr/bin/../lib/gcc/avr/5.4.0/../../../../avr/lib/avr51/memx-const\libm.a(mulsf3.o)
 .data          0x0000000000000000        0x0 d:/app_download/avr/bin/../lib/gcc/avr/5.4.0/../../../../avr/lib/avr51/memx-const\libm.a(mulsf3x.o)
 .bss           0x0000000000000000        0x0 d:/app_download/avr/bin/../lib/gcc/avr/5.4.0/../../../../avr/lib/avr51/memx-const\libm.a(mulsf3x.o)
 .stack.descriptors
                0x0000000000000000       0x31 d:/app_download/avr/bin/../lib/gcc/avr/5.4.0/../../../../avr/lib/avr51/memx-const\libm.a(mulsf3x.o)
 .data          0x0000000000000000        0x0 d:/app_download/avr/bin/../lib/gcc/avr/5.4.0/../../../../avr/lib/avr51/memx-const\libm.a(fp_inf.o)
 .bss           0x0000000000000000        0x0 d:/app_download/avr/bin/../lib/gcc/avr/5.4.0/../../../../avr/lib/avr51/memx-const\libm.a(fp_inf.o)
 .stack.descriptors
                0x0000000000000000       0x16 d:/app_download/avr/bin/../lib/gcc/avr/5.4.0/../../../../avr/lib/avr51/memx-const\libm.a(fp_inf.o)
 .data          0x0000000000000000        0x0 d:/app_download/avr/bin/../lib/gcc/avr/5.4.0/../../../../avr/lib/avr51/memx-const\libm.a(fp_nan.o)
 .bss           0x0000000000000000        0x0 d:/app_download/avr/bin/../lib/gcc/avr/5.4.0/../../../../avr/lib/avr51/memx-const\libm.a(fp_nan.o)
 .stack.descriptors
                0x0000000000000000       0x16 d:/app_download/avr/bin/../lib/gcc/avr/5.4.0/../../../../avr/lib/avr51/memx-const\libm.a(fp_nan.o)
 .data          0x0000000000000000        0x0 d:/app_download/avr/bin/../lib/gcc/avr/5.4.0/../../../../avr/lib/avr51/memx-const\libm.a(fp_pscA.o)
 .bss           0x0000000000000000        0x0 d:/app_download/avr/bin/../lib/gcc/avr/5.4.0/../../../../avr/lib/avr51/memx-const\libm.a(fp_pscA.o)
 .stack.descriptors
                0x0000000000000000       0x17 d:/app_download/avr/bin/../lib/gcc/avr/5.4.0/../../../../avr/lib/avr51/memx-const\libm.a(fp_pscA.o)
 .data          0x0000000000000000        0x0 d:/app_download/avr/bin/../lib/gcc/avr/5.4.0/../../../../avr/lib/avr51/memx-const\libm.a(fp_pscB.o)
 .bss           0x0000000000000000        0x0 d:/app_download/avr/bin/../lib/gcc/avr/5.4.0/../../../../avr/lib/avr51/memx-const\libm.a(fp_pscB.o)
 .stack.descriptors
                0x0000000000000000       0x17 d:/app_download/avr/bin/../lib/gcc/avr/5.4.0/../../../../avr/lib/avr51/memx-const\libm.a(fp_pscB.o)
 .data          0x0000000000000000        0x0 d:/app_download/avr/bin/../lib/gcc/avr/5.4.0/../../../../avr/lib/avr51/memx-const\libm.a(fp_round.o)
 .bss           0x0000000000000000        0x0 d:/app_download/avr/bin/../lib/gcc/avr/5.4.0/../../../../avr/lib/avr51/memx-const\libm.a(fp_round.o)
 .stack.descriptors
                0x0000000000000000       0x18 d:/app_download/avr/bin/../lib/gcc/avr/5.4.0/../../../../avr/lib/avr51/memx-const\libm.a(fp_round.o)
 .data          0x0000000000000000        0x0 d:/app_download/avr/bin/../lib/gcc/avr/5.4.0/../../../../avr/lib/avr51/memx-const\libm.a(fp_split3.o)
 .bss           0x0000000000000000        0x0 d:/app_download/avr/bin/../lib/gcc/avr/5.4.0/../../../../avr/lib/avr51/memx-const\libm.a(fp_split3.o)
 .stack.descriptors
                0x0000000000000000       0x32 d:/app_download/avr/bin/../lib/gcc/avr/5.4.0/../../../../avr/lib/avr51/memx-const\libm.a(fp_split3.o)
 .data          0x0000000000000000        0x0 d:/app_download/avr/bin/../lib/gcc/avr/5.4.0/../../../../avr/lib/avr51/memx-const\libm.a(fp_zero.o)
 .bss           0x0000000000000000        0x0 d:/app_download/avr/bin/../lib/gcc/avr/5.4.0/../../../../avr/lib/avr51/memx-const\libm.a(fp_zero.o)
 .stack.descriptors
                0x0000000000000000       0x2f d:/app_download/avr/bin/../lib/gcc/avr/5.4.0/../../../../avr/lib/avr51/memx-const\libm.a(fp_zero.o)
 .text          0x0000000000000000        0x0 d:/app_download/avr/bin/../lib/gcc/avr/5.4.0/../../../../avr/lib/avr51/memx-const\libc.a(exit.o)
 .data          0x0000000000000000        0x0 d:/app_download/avr/bin/../lib/gcc/avr/5.4.0/../../../../avr/lib/avr51/memx-const\libc.a(exit.o)
 .bss           0x0000000000000000        0x0 d:/app_download/avr/bin/../lib/gcc/avr/5.4.0/../../../../avr/lib/avr51/memx-const\libc.a(exit.o)
 .stack.descriptors
                0x0000000000000000       0x73 d:/app_download/avr/bin/../lib/gcc/avr/5.4.0/../../../../avr/lib/avr51/memx-const\libc.a(exit.o)
 .text          0x0000000000000000        0x0 d:/app_download/avr/bin/../lib/gcc/avr/5.4.0/../../../../avr/lib/avr51/memx-const\libc.a(_Exit.o)
 .data          0x0000000000000000        0x0 d:/app_download/avr/bin/../lib/gcc/avr/5.4.0/../../../../avr/lib/avr51/memx-const\libc.a(_Exit.o)
 .bss           0x0000000000000000        0x0 d:/app_download/avr/bin/../lib/gcc/avr/5.4.0/../../../../avr/lib/avr51/memx-const\libc.a(_Exit.o)
 .stack.descriptors
                0x0000000000000000       0x13 d:/app_download/avr/bin/../lib/gcc/avr/5.4.0/../../../../avr/lib/avr51/memx-const\libc.a(_Exit.o)
 .text          0x0000000000000000        0x0 d:/app_download/avr/bin/../lib/gcc/avr/5.4.0/avr51/memx-const\libgcc.a(_exit.o)
 .data          0x0000000000000000        0x0 d:/app_download/avr/bin/../lib/gcc/avr/5.4.0/avr51/memx-const\libgcc.a(_exit.o)
 .bss           0x0000000000000000        0x0 d:/app_download/avr/bin/../lib/gcc/avr/5.4.0/avr51/memx-const\libgcc.a(_exit.o)
 .text.libgcc.mul
                0x0000000000000000        0x0 d:/app_download/avr/bin/../lib/gcc/avr/5.4.0/avr51/memx-const\libgcc.a(_exit.o)
 .text.libgcc.div
                0x0000000000000000        0x0 d:/app_download/avr/bin/../lib/gcc/avr/5.4.0/avr51/memx-const\libgcc.a(_exit.o)
 .text.libgcc   0x0000000000000000        0x0 d:/app_download/avr/bin/../lib/gcc/avr/5.4.0/avr51/memx-const\libgcc.a(_exit.o)
 .text.libgcc.prologue
                0x0000000000000000        0x0 d:/app_download/avr/bin/../lib/gcc/avr/5.4.0/avr51/memx-const\libgcc.a(_exit.o)
 .stack.descriptors
                0x0000000000000000       0x13 d:/app_download/avr/bin/../lib/gcc/avr/5.4.0/avr51/memx-const\libgcc.a(_exit.o)
 .text.libgcc.builtins
                0x0000000000000000        0x0 d:/app_download/avr/bin/../lib/gcc/avr/5.4.0/avr51/memx-const\libgcc.a(_exit.o)
 .text.libgcc.fmul
                0x0000000000000000        0x0 d:/app_download/avr/bin/../lib/gcc/avr/5.4.0/avr51/memx-const\libgcc.a(_exit.o)
 .text.libgcc.fixed
                0x0000000000000000        0x0 d:/app_download/avr/bin/../lib/gcc/avr/5.4.0/avr51/memx-const\libgcc.a(_exit.o)

Memory Configuration

Name             Origin             Length             Attributes
text             0x0000000000000000 0x0000000000020000 xr
data             0x0000000000800100 0x0000000000001000 rw !x
eeprom           0x0000000000810000 0x0000000000001000 rw !x
fuse             0x0000000000820000 0x0000000000000003 rw !x
lock             0x0000000000830000 0x0000000000000400 rw !x
signature        0x0000000000840000 0x0000000000000400 rw !x
user_signatures  0x0000000000850000 0x0000000000000400 rw !x
bootrow          0x0000000000860000 0x0000000000000400 rw !x
*default*        0x0000000000000000 0xffffffffffffffff

Linker script and memory map

Address of section .data set to 0x800100
LOAD C:/Program Files/Microchip/MPLABX/v6.05/packs/Microchip/ATmega_DFP/3.0.158/xc8/avr/lib/avr51/memx-const/crtatmega128.o
                0x0000000000000001                __MPLAB_BUILD = 0x1
LOAD build/default/production/ADC.o
START GROUP
LOAD d:/app_download/avr/bin/../lib/gcc/avr/5.4.0/../../../../avr/lib/avr51/memx-const\libm.a
END GROUP
START GROUP
LOAD d:/app_download/avr/bin/../lib/gcc/avr/5.4.0/avr51/memx-const\libgcc.a
LOAD d:/app_download/avr/bin/../lib/gcc/avr/5.4.0/../../../../avr/lib/avr51/memx-const\libm.a
LOAD d:/app_download/avr/bin/../lib/gcc/avr/5.4.0/../../../../avr/lib/avr51/memx-const\libc.a
LOAD C:/Program Files/Microchip/MPLABX/v6.05/packs/Microchip/ATmega_DFP/3.0.158/xc8/avr/lib/avr51/memx-const\libatmega128.a
END GROUP
                0x0000000000000000                __TEXT_REGION_ORIGIN__ = DEFINED (__TEXT_REGION_ORIGIN__)?__TEXT_REGION_ORIGIN__:0x0
                [0x0000000000800100]                __DATA_REGION_ORIGIN__ = DEFINED (__DATA_REGION_ORIGIN__)?__DATA_REGION_ORIGIN__:0x800100
                [0x0000000000020000]                __TEXT_REGION_LENGTH__ = DEFINED (__TEXT_REGION_LENGTH__)?__TEXT_REGION_LENGTH__:0x20000
                [0x0000000000001000]                __DATA_REGION_LENGTH__ = DEFINED (__DATA_REGION_LENGTH__)?__DATA_REGION_LENGTH__:0xff00
                [0x0000000000001000]                __EEPROM_REGION_LENGTH__ = DEFINED (__EEPROM_REGION_LENGTH__)?__EEPROM_REGION_LENGTH__:0x10000
                [0x0000000000000003]                __FUSE_REGION_LENGTH__ = DEFINED (__FUSE_REGION_LENGTH__)?__FUSE_REGION_LENGTH__:0x400
                0x0000000000000400                __LOCK_REGION_LENGTH__ = DEFINED (__LOCK_REGION_LENGTH__)?__LOCK_REGION_LENGTH__:0x400
                0x0000000000000400                __SIGNATURE_REGION_LENGTH__ = DEFINED (__SIGNATURE_REGION_LENGTH__)?__SIGNATURE_REGION_LENGTH__:0x400
                0x0000000000000400                __USER_SIGNATURE_REGION_LENGTH__ = DEFINED (__USER_SIGNATURE_REGION_LENGTH__)?__USER_SIGNATURE_REGION_LENGTH__:0x400
                0x0000000000000400                __BOOTROW_REGION_LENGTH__ = DEFINED (__BOOTROW_REGION_LENGTH__)?__BOOTROW_REGION_LENGTH__:0x400

.hash
 *(.hash)

.dynsym
 *(.dynsym)

.dynstr
 *(.dynstr)

.gnu.version
 *(.gnu.version)

.gnu.version_d
 *(.gnu.version_d)

.gnu.version_r
 *(.gnu.version_r)

.rel.init
 *(.rel.init)

.rela.init
 *(.rela.init)

.rel.text
 *(.rel.text)
 *(.rel.text.*)
 *(.rel.gnu.linkonce.t*)

.rela.text
 *(.rela.text)
 *(.rela.text.*)
 *(.rela.gnu.linkonce.t*)

.rel.fini
 *(.rel.fini)

.rela.fini
 *(.rela.fini)

.rel.rodata
 *(.rel.rodata)
 *(.rel.rodata.*)
 *(.rel.gnu.linkonce.r*)

.rela.rodata
 *(.rela.rodata)
 *(.rela.rodata.*)
 *(.rela.gnu.linkonce.r*)

.rel.data
 *(.rel.data)
 *(.rel.data.*)
 *(.rel.gnu.linkonce.d*)

.rela.data
 *(.rela.data)
 *(.rela.data.*)
 *(.rela.gnu.linkonce.d*)

.rel.ctors
 *(.rel.ctors)

.rela.ctors
 *(.rela.ctors)

.rel.dtors
 *(.rel.dtors)

.rela.dtors
 *(.rela.dtors)

.rel.got
 *(.rel.got)

.rela.got
 *(.rela.got)

.rel.bss
 *(.rel.bss)

.rela.bss
 *(.rela.bss)

.rel.plt
 *(.rel.plt)

.rela.plt
 *(.rela.plt)

.text           0x0000000000000000       0xa4
 *(.vectors)
 .vectors       0x0000000000000000       0x8c C:/Program Files/Microchip/MPLABX/v6.05/packs/Microchip/ATmega_DFP/3.0.158/xc8/avr/lib/avr51/memx-const/crtatmega128.o
                0x0000000000000000                __vector_default
                0x0000000000000000                __vectors
 *(.vectors)
 *(.progmem.gcc*)
 *(.dinit)
 .dinit         0x000000000000008c        0x0 data_init
                0x000000000000008c                . = ALIGN (0x2)
                0x000000000000008c                __trampolines_start = .
 *(.trampolines)
 .trampolines   0x000000000000008c        0x0 linker stubs
 *(.trampolines*)
                0x000000000000008c                __trampolines_end = .
 *libprintf_flt.a:*(.progmem.data)
 *libc.a:*(.progmem.data)
                0x000000000000008c                . = ALIGN (0x2)
 *(.jumptables)
 *(.jumptables*)
 *(.lowtext)
 *(.lowtext*)
                0x000000000000008c                __ctors_start = .
 *(.ctors)
                0x000000000000008c                __ctors_end = .
                0x000000000000008c                __dtors_start = .
 *(.dtors)
                0x000000000000008c                __dtors_end = .
 SORT(*)(.ctors)
 SORT(*)(.dtors)
 *(.init0)
 .init0         0x000000000000008c        0x0 C:/Program Files/Microchip/MPLABX/v6.05/packs/Microchip/ATmega_DFP/3.0.158/xc8/avr/lib/avr51/memx-const/crtatmega128.o
                0x000000000000008c                __init
 *(.init0)
 *(.init1)
 *(.init1)
 *(.init2)
 .init2         0x000000000000008c        0xc C:/Program Files/Microchip/MPLABX/v6.05/packs/Microchip/ATmega_DFP/3.0.158/xc8/avr/lib/avr51/memx-const/crtatmega128.o
 *(.init2)
 *(.init3)
 *(.init3)
 *(.init4)
 *(.init4)
 *(.init5)
 *(.init5)
 *(.init6)
 *(.init6)
 *(.init7)
 *(.init7)
 *(.init8)
 *(.init8)
 *(.init9)
 .init9         0x0000000000000098        0x8 C:/Program Files/Microchip/MPLABX/v6.05/packs/Microchip/ATmega_DFP/3.0.158/xc8/avr/lib/avr51/memx-const/crtatmega128.o
 *(.init9)
                0x00000000000000a0                . = ALIGN (0x2)
 *(.fini9)
 .fini9         0x00000000000000a0        0x0 d:/app_download/avr/bin/../lib/gcc/avr/5.4.0/avr51/memx-const\libgcc.a(_exit.o)
                0x00000000000000a0                _exit
 *(.fini9)
 *(.fini8)
 *(.fini8)
 *(.fini7)
 *(.fini7)
 *(.fini6)
 *(.fini6)
 *(.fini5)
 *(.fini5)
 *(.fini4)
 *(.fini4)
 *(.fini3)
 *(.fini3)
 *(.fini2)
 *(.fini2)
 *(.fini1)
 *(.fini1)
 *(.fini0)
 .fini0         0x00000000000000a0        0x4 d:/app_download/avr/bin/../lib/gcc/avr/5.4.0/avr51/memx-const\libgcc.a(_exit.o)
 *(.fini0)
                0x00000000000000a4                _etext = .

.data           0x0000000000800100        0x0 load address 0x00000000000000a4
                [!provide]                        PROVIDE (__data_start, .)
 *(.gnu.linkonce.d*)
 *(.gnu.linkonce.r*)
                0x0000000000800100                . = ALIGN (0x2)
                0x0000000000800100                _edata = .
                [!provide]                        PROVIDE (__data_end, .)

.bss            0x0000000000800100        0x0
                [!provide]                        PROVIDE (__bss_start, .)
 *(COMMON)
                [!provide]                        PROVIDE (__bss_end, .)
                0x00000000000000a4                __data_load_start = LOADADDR (.data)
                0x00000000000000a4                __data_load_end = (__data_load_start + SIZEOF (.data))

.noinit         0x0000000000800100        0x0
                [!provide]                        PROVIDE (__noinit_start, .)
 *(.noinit*)
                [!provide]                        PROVIDE (__noinit_end, .)
                0x0000000000800100                _end = .

.eeprom         0x0000000000810000        0x0
 *(.eeprom*)
                0x0000000000810000                __eeprom_end = .

.fuse
 *(.fuse)
 *(.lfuse)
 *(.hfuse)
 *(.efuse)

.lock
 *(.lock*)

.signature
 *(.signature*)

.user_signatures
 *(.user_signatures*)

.bootrow
 *(.bootrow*)

.stab
 *(.stab)

.stabstr
 *(.stabstr)

.stab.excl
 *(.stab.excl)

.stab.exclstr
 *(.stab.exclstr)

.stab.index
 *(.stab.index)

.stab.indexstr
 *(.stab.indexstr)

.comment        0x0000000000000000       0x5b
 *(.comment)
 .comment       0x0000000000000000       0x2f build/default/production/ADC.o
                                         0x30 (size before relaxing)
 .comment       0x000000000000002f       0x2c d:/app_download/avr/bin/../lib/gcc/avr/5.4.0/../../../../avr/lib/avr51/memx-const\libc.a(exit.o)
                                         0x2d (size before relaxing)
 .comment       0x000000000000005b       0x2d d:/app_download/avr/bin/../lib/gcc/avr/5.4.0/../../../../avr/lib/avr51/memx-const\libc.a(_Exit.o)

.stack.descriptors.hdr
                0x0000000000000000       0xe0
 .stack.descriptors.hdr
                0x0000000000000000        0xe d:/app_download/avr/bin/../lib/gcc/avr/5.4.0/../../../../avr/lib/avr51/memx-const\libm.a(cmpsf2.o)
 .stack.descriptors.hdr
                0x000000000000000e        0xe d:/app_download/avr/bin/../lib/gcc/avr/5.4.0/../../../../avr/lib/avr51/memx-const\libm.a(floatsisf.o)
 .stack.descriptors.hdr
                0x000000000000001c        0xe d:/app_download/avr/bin/../lib/gcc/avr/5.4.0/../../../../avr/lib/avr51/memx-const\libm.a(fp_cmp.o)
 .stack.descriptors.hdr
                0x000000000000002a        0xe d:/app_download/avr/bin/../lib/gcc/avr/5.4.0/../../../../avr/lib/avr51/memx-const\libm.a(gesf2.o)
 .stack.descriptors.hdr
                0x0000000000000038        0xe d:/app_download/avr/bin/../lib/gcc/avr/5.4.0/../../../../avr/lib/avr51/memx-const\libm.a(mulsf3.o)
 .stack.descriptors.hdr
                0x0000000000000046        0xe d:/app_download/avr/bin/../lib/gcc/avr/5.4.0/../../../../avr/lib/avr51/memx-const\libm.a(mulsf3x.o)
 .stack.descriptors.hdr
                0x0000000000000054        0xe d:/app_download/avr/bin/../lib/gcc/avr/5.4.0/../../../../avr/lib/avr51/memx-const\libm.a(fp_inf.o)
 .stack.descriptors.hdr
                0x0000000000000062        0xe d:/app_download/avr/bin/../lib/gcc/avr/5.4.0/../../../../avr/lib/avr51/memx-const\libm.a(fp_nan.o)
 .stack.descriptors.hdr
                0x0000000000000070        0xe d:/app_download/avr/bin/../lib/gcc/avr/5.4.0/../../../../avr/lib/avr51/memx-const\libm.a(fp_pscA.o)
 .stack.descriptors.hdr
                0x000000000000007e        0xe d:/app_download/avr/bin/../lib/gcc/avr/5.4.0/../../../../avr/lib/avr51/memx-const\libm.a(fp_pscB.o)
 .stack.descriptors.hdr
                0x000000000000008c        0xe d:/app_download/avr/bin/../lib/gcc/avr/5.4.0/../../../../avr/lib/avr51/memx-const\libm.a(fp_round.o)
 .stack.descriptors.hdr
                0x000000000000009a        0xe d:/app_download/avr/bin/../lib/gcc/avr/5.4.0/../../../../avr/lib/avr51/memx-const\libm.a(fp_split3.o)
 .stack.descriptors.hdr
                0x00000000000000a8        0xe d:/app_download/avr/bin/../lib/gcc/avr/5.4.0/../../../../avr/lib/avr51/memx-const\libm.a(fp_zero.o)
 .stack.descriptors.hdr
                0x00000000000000b6        0xe d:/app_download/avr/bin/../lib/gcc/avr/5.4.0/../../../../avr/lib/avr51/memx-const\libc.a(exit.o)
 .stack.descriptors.hdr
                0x00000000000000c4        0xe d:/app_download/avr/bin/../lib/gcc/avr/5.4.0/../../../../avr/lib/avr51/memx-const\libc.a(_Exit.o)
 .stack.descriptors.hdr
                0x00000000000000d2        0xe d:/app_download/avr/bin/../lib/gcc/avr/5.4.0/avr51/memx-const\libgcc.a(_exit.o)

.note.GNU-stack
                0x0000000000000000        0x0
 .note.GNU-stack
                0x0000000000000000        0x0 d:/app_download/avr/bin/../lib/gcc/avr/5.4.0/../../../../avr/lib/avr51/memx-const\libm.a(cmpsf2.o)
 .note.GNU-stack
                0x0000000000000000        0x0 d:/app_download/avr/bin/../lib/gcc/avr/5.4.0/../../../../avr/lib/avr51/memx-const\libm.a(floatsisf.o)
 .note.GNU-stack
                0x0000000000000000        0x0 d:/app_download/avr/bin/../lib/gcc/avr/5.4.0/../../../../avr/lib/avr51/memx-const\libm.a(fp_cmp.o)
 .note.GNU-stack
                0x0000000000000000        0x0 d:/app_download/avr/bin/../lib/gcc/avr/5.4.0/../../../../avr/lib/avr51/memx-const\libm.a(gesf2.o)
 .note.GNU-stack
                0x0000000000000000        0x0 d:/app_download/avr/bin/../lib/gcc/avr/5.4.0/../../../../avr/lib/avr51/memx-const\libm.a(mulsf3.o)
 .note.GNU-stack
                0x0000000000000000        0x0 d:/app_download/avr/bin/../lib/gcc/avr/5.4.0/../../../../avr/lib/avr51/memx-const\libm.a(mulsf3x.o)
 .note.GNU-stack
                0x0000000000000000        0x0 d:/app_download/avr/bin/../lib/gcc/avr/5.4.0/../../../../avr/lib/avr51/memx-const\libm.a(fp_inf.o)
 .note.GNU-stack
                0x0000000000000000        0x0 d:/app_download/avr/bin/../lib/gcc/avr/5.4.0/../../../../avr/lib/avr51/memx-const\libm.a(fp_nan.o)
 .note.GNU-stack
                0x0000000000000000        0x0 d:/app_download/avr/bin/../lib/gcc/avr/5.4.0/../../../../avr/lib/avr51/memx-const\libm.a(fp_pscA.o)
 .note.GNU-stack
                0x0000000000000000        0x0 d:/app_download/avr/bin/../lib/gcc/avr/5.4.0/../../../../avr/lib/avr51/memx-const\libm.a(fp_pscB.o)
 .note.GNU-stack
                0x0000000000000000        0x0 d:/app_download/avr/bin/../lib/gcc/avr/5.4.0/../../../../avr/lib/avr51/memx-const\libm.a(fp_round.o)
 .note.GNU-stack
                0x0000000000000000        0x0 d:/app_download/avr/bin/../lib/gcc/avr/5.4.0/../../../../avr/lib/avr51/memx-const\libm.a(fp_split3.o)
 .note.GNU-stack
                0x0000000000000000        0x0 d:/app_download/avr/bin/../lib/gcc/avr/5.4.0/../../../../avr/lib/avr51/memx-const\libm.a(fp_zero.o)
 .note.GNU-stack
                0x0000000000000000        0x0 d:/app_download/avr/bin/../lib/gcc/avr/5.4.0/../../../../avr/lib/avr51/memx-const\libc.a(exit.o)
 .note.GNU-stack
                0x0000000000000000        0x0 d:/app_download/avr/bin/../lib/gcc/avr/5.4.0/../../../../avr/lib/avr51/memx-const\libc.a(_Exit.o)

.note.gnu.build-id
 *(.note.gnu.build-id)

.debug
 *(.debug)

.line
 *(.line)

.debug_srcinfo
 *(.debug_srcinfo)

.debug_sfnames
 *(.debug_sfnames)

.debug_aranges  0x0000000000000000       0x28
 *(.debug_aranges)
 .debug_aranges
                0x0000000000000000       0x28 build/default/production/ADC.o

.debug_pubnames
 *(.debug_pubnames)

.debug_info     0x0000000000000000      0xa69
 *(.debug_info .gnu.linkonce.wi.*)
 .debug_info    0x0000000000000000      0x780 C:/Program Files/Microchip/MPLABX/v6.05/packs/Microchip/ATmega_DFP/3.0.158/xc8/avr/lib/avr51/memx-const/crtatmega128.o
 .debug_info    0x0000000000000780      0x2e9 build/default/production/ADC.o

.debug_abbrev   0x0000000000000000      0x7ba
 *(.debug_abbrev)
 .debug_abbrev  0x0000000000000000      0x718 C:/Program Files/Microchip/MPLABX/v6.05/packs/Microchip/ATmega_DFP/3.0.158/xc8/avr/lib/avr51/memx-const/crtatmega128.o
 .debug_abbrev  0x0000000000000718       0xa2 build/default/production/ADC.o

.debug_line     0x0000000000000000      0x29f
 *(.debug_line .debug_line.* .debug_line_end)
 .debug_line    0x0000000000000000      0x16d C:/Program Files/Microchip/MPLABX/v6.05/packs/Microchip/ATmega_DFP/3.0.158/xc8/avr/lib/avr51/memx-const/crtatmega128.o
 .debug_line    0x000000000000016d      0x132 build/default/production/ADC.o

.debug_frame    0x0000000000000000       0x34
 *(.debug_frame)
 .debug_frame   0x0000000000000000       0x34 build/default/production/ADC.o

.debug_str      0x0000000000000000      0x27d
 *(.debug_str)
 .debug_str     0x0000000000000000      0x27d C:/Program Files/Microchip/MPLABX/v6.05/packs/Microchip/ATmega_DFP/3.0.158/xc8/avr/lib/avr51/memx-const/crtatmega128.o
 .debug_str     0x000000000000027d        0x0 build/default/production/ADC.o

.debug_loc      0x0000000000000000       0x7a
 *(.debug_loc)
 .debug_loc     0x0000000000000000       0x7a build/default/production/ADC.o

.debug_macinfo
 *(.debug_macinfo)

.debug_weaknames
 *(.debug_weaknames)

.debug_funcnames
 *(.debug_funcnames)

.debug_typenames
 *(.debug_typenames)

.debug_varnames
 *(.debug_varnames)

.debug_pubtypes
 *(.debug_pubtypes)

.debug_ranges   0x0000000000000000       0x18
 *(.debug_ranges)
 .debug_ranges  0x0000000000000000       0x18 build/default/production/ADC.o

.debug_macro
 *(.debug_macro)
OUTPUT(dist/default/production/ADC.X.production.elf elf32-avr)
LOAD linker stubs
LOAD data_init

.note.gnu.avr.deviceinfo
                0x0000000000000000       0x3c
 .note.gnu.avr.deviceinfo
                0x0000000000000000       0x3c C:/Program Files/Microchip/MPLABX/v6.05/packs/Microchip/ATmega_DFP/3.0.158/xc8/avr/lib/avr51/memx-const/crtatmega128.o

.text.main      0x00000000000000a4       0xec
 .text.main     0x00000000000000a4       0xec build/default/production/ADC.o
                0x00000000000000a4                main

.text           0x0000000000000190       0xd4
 .text          0x0000000000000190       0xd4 d:/app_download/avr/bin/../lib/gcc/avr/5.4.0/../../../../avr/lib/avr51/memx-const\libm.a(mulsf3x.o)
                0x0000000000000190                __mulsf3x
                0x00000000000001b6                __mulsf3_pse

.text           0x0000000000000264       0x7a
 .text          0x0000000000000264       0x7a d:/app_download/avr/bin/../lib/gcc/avr/5.4.0/../../../../avr/lib/avr51/memx-const\libm.a(floatsisf.o)
                0x0000000000000264                __floatunsisf
                0x0000000000000268                __floatsisf

.text           0x00000000000002de       0x48
 .text          0x00000000000002de       0x48 d:/app_download/avr/bin/../lib/gcc/avr/5.4.0/../../../../avr/lib/avr51/memx-const\libm.a(fp_cmp.o)
                0x00000000000002de                __fp_cmp

.text           0x0000000000000326       0x44
 .text          0x0000000000000326       0x44 d:/app_download/avr/bin/../lib/gcc/avr/5.4.0/../../../../avr/lib/avr51/memx-const\libm.a(fp_split3.o)
                0x0000000000000326                __fp_split3
                0x0000000000000336                __fp_splitA

.text           0x000000000000036a       0x22
 .text          0x000000000000036a       0x22 d:/app_download/avr/bin/../lib/gcc/avr/5.4.0/../../../../avr/lib/avr51/memx-const\libm.a(fp_round.o)
                0x000000000000036a                __fp_round

.text.exit      0x000000000000038c       0x16
 .text.exit     0x000000000000038c       0x16 d:/app_download/avr/bin/../lib/gcc/avr/5.4.0/../../../../avr/lib/avr51/memx-const\libc.a(exit.o)
                0x000000000000038c                exit

.text           0x00000000000003a2        0xe
 .text          0x00000000000003a2        0xe d:/app_download/avr/bin/../lib/gcc/avr/5.4.0/../../../../avr/lib/avr51/memx-const\libm.a(fp_pscA.o)
                0x00000000000003a2                __fp_pscA

.text           0x00000000000003b0        0xe
 .text          0x00000000000003b0        0xe d:/app_download/avr/bin/../lib/gcc/avr/5.4.0/../../../../avr/lib/avr51/memx-const\libm.a(fp_pscB.o)
                0x00000000000003b0                __fp_pscB

.text           0x00000000000003be        0xe
 .text          0x00000000000003be        0xe d:/app_download/avr/bin/../lib/gcc/avr/5.4.0/../../../../avr/lib/avr51/memx-const\libm.a(fp_zero.o)
                0x00000000000003be                __fp_zero
                0x00000000000003c0                __fp_szero

.text           0x00000000000003cc        0xc
 .text          0x00000000000003cc        0xc d:/app_download/avr/bin/../lib/gcc/avr/5.4.0/../../../../avr/lib/avr51/memx-const\libm.a(fp_inf.o)
                0x00000000000003cc                __fp_inf

.text.docadc    0x00000000000003d8        0xa
 .text.docadc   0x00000000000003d8        0xa build/default/production/ADC.o
                0x00000000000003d8                docadc

.text           0x00000000000003e2        0xa
 .text          0x00000000000003e2        0xa d:/app_download/avr/bin/../lib/gcc/avr/5.4.0/../../../../avr/lib/avr51/memx-const\libm.a(cmpsf2.o)
                0x00000000000003e2                __nesf2
                0x00000000000003e2                __eqsf2
                0x00000000000003e2                __cmpsf2
                0x00000000000003e2                __ltsf2
                0x00000000000003e2                __lesf2

.text           0x00000000000003ec        0xa
 .text          0x00000000000003ec        0xa d:/app_download/avr/bin/../lib/gcc/avr/5.4.0/../../../../avr/lib/avr51/memx-const\libm.a(gesf2.o)
                0x00000000000003ec                __gesf2
                0x00000000000003ec                __gtsf2

.text           0x00000000000003f6        0x8
 .text          0x00000000000003f6        0x8 d:/app_download/avr/bin/../lib/gcc/avr/5.4.0/../../../../avr/lib/avr51/memx-const\libm.a(mulsf3.o)
                0x00000000000003f6                __mulsf3

.text           0x00000000000003fe        0x6
 .text          0x00000000000003fe        0x6 d:/app_download/avr/bin/../lib/gcc/avr/5.4.0/../../../../avr/lib/avr51/memx-const\libm.a(fp_nan.o)
                0x00000000000003fe                __fp_nan

.text           0x0000000000000404        0x4
 .text          0x0000000000000404        0x4 C:/Program Files/Microchip/MPLABX/v6.05/packs/Microchip/ATmega_DFP/3.0.158/xc8/avr/lib/avr51/memx-const/crtatmega128.o
                0x0000000000000404                __vector_22
                0x0000000000000404                __vector_28
                0x0000000000000404                __vector_1
                0x0000000000000404                __vector_32
                0x0000000000000404                __vector_34
                0x0000000000000404                __vector_24
                0x0000000000000404                __vector_12
                0x0000000000000404                __bad_interrupt
                0x0000000000000404                __vector_6
                0x0000000000000404                __vector_31
                0x0000000000000404                __vector_3
                0x0000000000000404                __vector_23
                0x0000000000000404                __vector_30
                0x0000000000000404                __vector_25
                0x0000000000000404                __vector_11
                0x0000000000000404                __vector_13
                0x0000000000000404                __vector_17
                0x0000000000000404                __vector_19
                0x0000000000000404                __vector_7
                0x0000000000000404                __vector_27
                0x0000000000000404                __vector_5
                0x0000000000000404                __vector_33
                0x0000000000000404                __vector_4
                0x0000000000000404                __vector_9
                0x0000000000000404                __vector_2
                0x0000000000000404                __vector_21
                0x0000000000000404                __vector_15
                0x0000000000000404                __vector_29
                0x0000000000000404                __vector_8
                0x0000000000000404                __vector_26
                0x0000000000000404                __vector_14
                0x0000000000000404                __vector_10
                0x0000000000000404                __vector_16
                0x0000000000000404                __vector_18
                0x0000000000000404                __vector_20

.text._Exit     0x0000000000000408        0x4
 .text._Exit    0x0000000000000408        0x4 d:/app_download/avr/bin/../lib/gcc/avr/5.4.0/../../../../avr/lib/avr51/memx-const\libc.a(_Exit.o)
                0x0000000000000408                _Exit

.text.__dummy_fini
                0x000000000000040c        0x2
 .text.__dummy_fini
                0x000000000000040c        0x2 d:/app_download/avr/bin/../lib/gcc/avr/5.4.0/../../../../avr/lib/avr51/memx-const\libc.a(exit.o)
                0x000000000000040c                _fini

.text.__dummy_funcs_on_exit
                0x000000000000040e        0x2
 .text.__dummy_funcs_on_exit
                0x000000000000040e        0x2 d:/app_download/avr/bin/../lib/gcc/avr/5.4.0/../../../../avr/lib/avr51/memx-const\libc.a(exit.o)
                0x000000000000040e                __funcs_on_exit

.text.__dummy_simulator_exit
                0x0000000000000410        0x2
 .text.__dummy_simulator_exit
                0x0000000000000410        0x2 d:/app_download/avr/bin/../lib/gcc/avr/5.4.0/../../../../avr/lib/avr51/memx-const\libc.a(exit.o)
                0x0000000000000410                __simulator_exit
